
[7m[1m[36m NX [39m[22m[27m  [36mRunning target [1mbuild[22m for project utils and [1m1[22m task it depends on:[39m

[2m[36m[39m[22m

[2m> [22m[2mnx run[22m database:build  [2m[existing outputs match the cache, left as is][22m


[2m> [22m[2mnx run[22m utils:build

Compiling TypeScript files for project "utils"...
node.exe : [1m[31m[96m/Project/gateway-app/libs/shared/utils/src/index.ts[0m:[93m
36[0m:[93m1[0m - [91merror[0m[90m TS2308: [0mModule './lib/battle-pass-utils' 
has already exported a member named 'getCurrentDayOfWeekVN'. Consider explicitly 
re-exporting to resolve the ambiguity.
At C:\Program Files\nodejs\npx.ps1:29 char:3
+   & $NODE_EXE $NPX_CLI_JS $args
+   ~~~~~~~~~~~~~~~~~~~~~~~~~~~~~
    + CategoryInfo          : NotSpecified: ([1m[31m[96m/... the ambiguity.:String 
   ) [], RemoteException
    + FullyQualifiedErrorId : NativeCommandError
 
[7m36[0m export * from './lib/timezone-utils';
[7m  [0m [91m~~~~~~~~~~~~~~~~~~~~~~~~~~~~~~~~~~~~~[0m
[96m/Project/gateway-app/libs/shared/utils/src/index.ts[0m:[93m47[0m:[93m15[0m 
- [91merror[0m[90m TS2307: [0mCannot find module './lib/actions' or its 
corresponding type declarations.
[7m47[0m export * from './lib/actions';
[7m  [0m [91m              ~~~~~~~~~~~~~~~[0m
[96m/Project/gateway-app/libs/shared/utils/src/index.ts[0m:[93m48[0m:[93m15[0m 
- [91merror[0m[90m TS2307: [0mCannot find module './lib/queries' or its 
corresponding type declarations.
[7m48[0m export * from './lib/queries';
[7m  [0m [91m              ~~~~~~~~~~~~~~~[0m
[96m/Project/gateway-app/libs/shared/utils/src/index.ts[0m:[93m49[0m:[93m15[0m 
- [91merror[0m[90m TS2307: [0mCannot find module './lib/server' or its 
corresponding type declarations.
[7m49[0m export * from './lib/server';
[7m  [0m [91m              ~~~~~~~~~~~~~~[0m
[96m/Project/gateway-app/libs/shared/utils/src/index.ts[0m:[93m50[0m:[93m15[0m 
- [91merror[0m[90m TS2307: [0mCannot find module './lib/config' or its 
corresponding type declarations.
[7m50[0m export * from './lib/config';
[7m  [0m [91m              ~~~~~~~~~~~~~~[0m
[96m/Project/gateway-app/libs/shared/utils/src/lib/actions/complete-game-appointment/
index.ts[0m:[93m80[0m:[93m49[0m - [91merror[0m[90m TS7006: [0mParameter 'm' 
implicitly has an 'any' type.
[7m80[0m       const memberIds = appointment.members.map(m => m.userId);
[7m  [0m [91m                                                ~[0m
[96m/Project/gateway-app/libs/shared/utils/src/lib/actions/complete-game-appointment/
index.ts[0m:[93m83[0m:[93m47[0m - [91merror[0m[90m TS7006: [0mParameter 'id' 
implicitly has an 'any' type.
[7m83[0m       const missingMembers = memberIds.filter(id => 
!completedMemberIds.includes(id));
[7m  [0m [91m                                              ~~[0m
[96m/Project/gateway-app/libs/shared/utils/src/lib/actions/complete-game-appointment/
index.ts[0m:[93m116[0m:[93m55[0m - [91merror[0m[90m TS7006: [0mParameter 'm' 
implicitly has an 'any' type.
[7m116[0m           const memberData = appointment.members.find(m => m.userId === 
member.userId);
[7m   [0m [91m                                                      ~[0m
[96m/Project/gateway-app/libs/shared/utils/src/lib/actions/complete-game-appointment/
schema.ts[0m:[93m7[0m:[93m15[0m - [91merror[0m[90m TS2769: [0mNo overload 
matches this call.
  Overload 1 of 2, '(values: readonly ["COMPLETED", "NO_SHOW"], params?: string | { 
error?: string | $ZodErrorMap<$ZodIssueInvalidValue<unknown>> | undefined; message?: 
string | undefined; } | undefined): ZodEnum<...>', gave the following error.
    Object literal may only specify known properties, and 'required_error' does not 
exist in type '{ error?: string | $ZodErrorMap<$ZodIssueInvalidValue<unknown>> | 
undefined; message?: string | undefined; }'.
  Overload 2 of 2, '(entries: Readonly<Record<string, EnumValue>>, params?: string | 
{ error?: string | $ZodErrorMap<$ZodIssueInvalidValue<unknown>> | undefined; 
message?: string | undefined; } | undefined): ZodEnum<...>', gave the following error.
    Argument of type 'string[]' is not assignable to parameter of type 
'Readonly<Record<string, EnumValue>>'.
      Index signature for type 'string' is missing in type 'string[]'.
[7m7[0m     status: z.enum(["COMPLETED", "NO_SHOW"], {
[7m [0m [91m              ~~~~[0m
[96m/Project/gateway-app/libs/shared/utils/src/lib/actions/create-checkInResult/index
.ts[0m:[93m93[0m:[93m34[0m - [91merror[0m[90m TS7006: [0mParameter 'tx' 
implicitly has an 'any' type.
[7m93[0m     await db.$transaction(async (tx) => {
[7m  [0m [91m                                 ~~[0m
[96m/Project/gateway-app/libs/shared/utils/src/lib/actions/create-feedback/index.ts[
0m:[93m52[0m:[93m33[0m - [91merror[0m[90m TS2307: [0mCannot find module 
'@/lib/db' or its corresponding type declarations.
[7m52[0m     const { db } = await import("@/lib/db");
[7m  [0m [91m                                ~~~~~~~~~~[0m
[96m/Project/gateway-app/libs/shared/utils/src/lib/actions/create-game-appointment/sc
hema.ts[0m:[93m7[0m:[93m15[0m - [91merror[0m[90m TS2769: [0mNo overload 
matches this call.
  Overload 1 of 2, '(values: readonly ["CASUAL", "RANKED", "COMPETITIVE"], params?: 
string | { error?: string | $ZodErrorMap<$ZodIssueInvalidValue<unknown>> | undefined; 
message?: string | undefined; } | undefined): ZodEnum<...>', gave the following error.
    Object literal may only specify known properties, and 'required_error' does not 
exist in type '{ error?: string | $ZodErrorMap<$ZodIssueInvalidValue<unknown>> | 
undefined; message?: string | undefined; }'.
  Overload 2 of 2, '(entries: Readonly<Record<string, EnumValue>>, params?: string | 
{ error?: string | $ZodErrorMap<$ZodIssueInvalidValue<unknown>> | undefined; 
message?: string | undefined; } | undefined): ZodEnum<...>', gave the following error.
    Argument of type 'string[]' is not assignable to parameter of type 
'Readonly<Record<string, EnumValue>>'.
      Index signature for type 'string' is missing in type 'string[]'.
[7m7[0m   gameType: z.enum(["CASUAL", "RANKED", "COMPETITIVE"], {
[7m [0m [91m              ~~~~[0m
[39m[22m

[2m[31m[39m[22m

[7m[1m[31m NX [39m[22m[27m  [31mRunning target [1mbuild[22m for project utils and [1m1[22m task it depends on failed[39m

[2mFailed tasks:[22m

[2m-[22m utils:build

[2mHint: run the command with[22m --verbose [2mfor more details.[22m

